// Jest Snapshot v1, https://goo.gl/fbAQLP

exports[`expect to render ErrorBoundry component 1`] = `""`;
